---
source: tests/integration/snapshot.rs
expression: "zizmor().input(input_under_test(\"excessive-permissions/workflow-empty-perms.yml\")).run()?"
---
No findings to report. Good job!
