---
source: tests/snapshot.rs
expression: "zizmor().workflow(workflow_under_test(\"self-hosted.yml\")).run()?"
snapshot_kind: text
---
No findings to report. Good job! (1 suppressed)
