---
source: tests/snapshot.rs
expression: "zizmor().workflow(workflow_under_test(\"unpinned-uses/issue-433-repro.yml\")).args([\"--pedantic\"]).run()?"
snapshot_kind: text
---
No findings to report. Good job!
