---
source: tests/snapshot.rs
expression: "zizmor().workflow(workflow_under_test(\"cache-poisoning/caching-not-configurable.yml\")).run()?"
snapshot_kind: text
---
error[cache-poisoning]: runtime artifacts potentially vulnerable to a cache poisoning attack
  --> @@INPUT@@:1:1
   |
 1 | / on:
 2 | |   push:
 3 | |     tags:
 4 | |       - '**'
   | |____________^ generally used when publishing artifacts generated at runtime
 5 |
...
15 |         - name: Setup CI caching
16 |           uses: Mozilla-Actions/sccache-action@054db53350805f83040bf3e6e9b8cf5a139aa7c9
   |           ^^^^^^^^^^^^^^^^^^^^^^^^^^^^^^^^^^^^^^^^^^^^^^^^^^^^^^^^^^^^^^^^^^^^^^^^^^^^^ caching always restored here
   |
   = note: audit confidence â†’ Low

1 finding: 0 unknown, 0 informational, 0 low, 0 medium, 1 high
