---
source: tests/snapshot.rs
expression: "zizmor().workflow(workflow_under_test(\"cache-poisoning/workflow-release-branch-trigger.yml\")).run()?"
snapshot_kind: text
---
error[cache-poisoning]: runtime artifacts potentially vulnerable to a cache poisoning attack
  --> @@INPUT@@:1:1
   |
 1 | / on:
 2 | |   push:
 3 | |     branches:
 4 | |       - 'release-v2.0.0'
   | |________________________^ generally used when publishing artifacts generated at runtime
 5 |
...
15 |         - name: Setup CI caching
16 |           uses: Swatinem/rust-cache@82a92a6e8fbeee089604da2575dc567ae9ddeaab
   |           ^^^^^^^^^^^^^^^^^^^^^^^^^^^^^^^^^^^^^^^^^^^^^^^^^^^^^^^^^^^^^^^^^^ cache enabled by default here
   |
   = note: audit confidence â†’ Low

1 finding: 0 unknown, 0 informational, 0 low, 0 medium, 1 high
