---
source: tests/integration/snapshot.rs
expression: "zizmor().input(workflow_under_test(\"template-injection/issue-418-repro.yml\")).run()?"
snapshot_kind: text
---
No findings to report. Good job! (1 suppressed)
