---
source: tests/integration/snapshot.rs
expression: "zizmor().input(workflow_under_test(\"self-hosted/self-hosted-matrix-exclusion.yml\")).args([\"--persona=auditor\"]).run()?"
snapshot_kind: text
---
No findings to report. Good job!
