---
source: tests/integration/snapshot.rs
expression: "zizmor().config(input_under_test(\"unpinned-uses/configs/empty.yml\")).input(input_under_test(\"unpinned-uses/menagerie-of-uses.yml\")).run()?"
snapshot_kind: text
---
error[unpinned-uses]: unpinned action reference
  --> @@INPUT@@:11:9
   |
11 |       - uses: actions/setup-python@v4
   |         ^^^^^^^^^^^^^^^^^^^^^^^^^^^^^ action is not pinned to a hash (required by blanket policy)
   |
   = note: audit confidence → High

error[unpinned-uses]: unpinned action reference
  --> @@INPUT@@:13:9
   |
13 |       - uses: actions/checkout
   |         ^^^^^^^^^^^^^^^^^^^^^^ action is not pinned to a hash (required by blanket policy)
   |
   = note: audit confidence → High

error[unpinned-uses]: unpinned action reference
  --> @@INPUT@@:17:9
   |
17 |       - uses: actions/checkout@v3
   |         ^^^^^^^^^^^^^^^^^^^^^^^^^ action is not pinned to a hash (required by blanket policy)
   |
   = note: audit confidence → High

error[unpinned-uses]: unpinned action reference
  --> @@INPUT@@:25:9
   |
25 |       - uses: pypa/gh-action-pypi-publish@release/v1
   |         ^^^^^^^^^^^^^^^^^^^^^^^^^^^^^^^^^^^^^^^^^^^^ action is not pinned to a hash (required by blanket policy)
   |
   = note: audit confidence → High

4 findings: 0 unknown, 0 informational, 0 low, 0 medium, 4 high
