---
source: tests/integration/snapshot.rs
expression: "zizmor().input(input_under_test(\"secrets-outside-environment.yml\")).run()?"
---
error[secrets-outside-environment]: secrets used without an environment to gate them
  --> @@INPUT@@:7:9
   |
 7 |         - uses: actions_repo/actions/docker@13c8cf37e54dd9488afe8c067575444cc58bf155
   |  _________^
 8 | |         with:
 9 | |           # NOT OK: Anyone with write access can exfiltrate this secret.
10 | |           password: ${{ secrets.DOCKERHUB_PASSWORD }}
   | |______________________________________________________^ this step
   |
   = note: audit confidence â†’ High

1 finding: 0 unknown, 0 informational, 0 low, 0 medium, 1 high
