---
source: tests/integration/snapshot.rs
expression: "zizmor().input(input_under_test(\"unpinned-uses.yml\")).args([\"--pedantic\"]).run()?"
snapshot_kind: text
---
error[unpinned-uses]: unpinned action reference
  --> @@INPUT@@:11:9
   |
11 |       - uses: actions/checkout
   |         ^^^^^^^^^^^^^^^^^^^^^^ action is not pinned to a ref or hash (required by actions/* policy)
   |
   = note: audit confidence → High

error[unpinned-uses]: unpinned action reference
  --> @@INPUT@@:21:9
   |
21 |       - uses: github/codeql-action/upload-sarif
   |         ^^^^^^^^^^^^^^^^^^^^^^^^^^^^^^^^^^^^^^^ action is not pinned to a ref or hash (required by github/* policy)
   |
   = note: audit confidence → High

warning[unpinned-uses]: unpinned action reference
  --> @@INPUT@@:24:9
   |
24 |       - uses: docker://ubuntu
   |         --------------------- action is not pinned to a tag, branch, or hash ref
   |
   = note: audit confidence → High

warning[unpinned-uses]: unpinned action reference
  --> @@INPUT@@:30:9
   |
30 |       - uses: docker://ghcr.io/pypa/gh-action-pypi-publish
   |         -------------------------------------------------- action is not pinned to a tag, branch, or hash ref
   |
   = note: audit confidence → High

4 findings: 0 unknown, 0 informational, 0 low, 2 medium, 2 high
